                                                                                
                                                                                
                                                                                
                                                                                
                                                                                
                                    _.--'--._                                   
                                    |       |                                   
                                    |       |                                   
                                _.--'--._.--'--._                               
                                |       |       |                               
                                |       |       |                               
                                '--._.--'--._.--'                               
                                                                                
                            OCM  Open Component Model                           
                                                                                
                          │ Explore components                                  
                          │ browse component versions                           
                                                                                
                            Transfer component versions                         
                            copy component versions                             
                                                                                
                                                                                
                                                                                
             ↑/k up • ↓/j down • enter select • : commands • q quit             
                                                                                
                                                                                
                                                                                
                                                                                
                                                                                
                                                                                