                                                                                
                                                                                
                                                                                
                                                                                
                                                                                
                                                                                
                                                                                
                                                                                
                                                                                
                ╭──────────────────────────────────────────────╮                
                │ Commands                                     │                
                │   ›                                          │                
                │                                              │                
                │   Explore components                         │                
                │   Transfer component versions                │                
                │   Menu                                       │                
                │   Quit                                       │                
                │                                              │                
                │                                              │                
                │ esc close                                    │                
                ╰──────────────────────────────────────────────╯                
                                                                                
                                                                                
                                                                                
                                                                                
                                                                                
                                                                                
                                                                                
                                                                                
                                                                                